// Jest Snapshot v1, https://goo.gl/fbAQLP

exports[`Modal should render the Modal Component correctly 1`] = `
<div
  className="modal"
>
  <div
    className="modal__content"
  >
    Content Modal
  </div>
  <span
    className="modal__action"
    href=""
    onClick={[MockFunction]}
  >
    X
  </span>
</div>
`;
