// Jest Snapshot v1, https://goo.gl/fbAQLP

exports[`Select should render correctly 1`] = `
<Memo()
  handleChange={[MockFunction]}
  optionDefault="option default text"
  optionsData={
    Array [
      Object {
        "instalment_count": "3",
        "instalment_fee": Object {
          "value": "500",
        },
        "instalment_total": Object {
          "value": "5500",
        },
      },
      Object {
        "instalment_count": "6",
        "instalment_fee": Object {
          "value": "500",
        },
        "instalment_total": Object {
          "value": "3000",
        },
      },
    ]
  }
  optionsText="cuotas de"
>
  <select
    className="select"
    onChange={[MockFunction]}
  >
    <option
      key="3"
      value="500"
    >
      3 cuotas de 55,00 € mes
    </option>
    <option
      key="6"
      value="500"
    >
      6 cuotas de 30,00 € mes
    </option>
  </select>
</Memo()>
`;
